MPLINK 4.49, Linker
Linker Map File - Created Sun Sep 04 09:27:15 2016

                                 Section Info
                  Section       Type    Address   Location Size(Bytes)
                ---------  ---------  ---------  ---------  ---------
                   .org_0       code   0x000000    program   0x000006
                   .cinit    romdata   0x000006    program   0x000002
                   .org_1       code   0x000008    program   0x000396
.config_300001_RPTR24DMXRENARD.O    romdata   0x300001    program   0x000001
.config_300002_RPTR24DMXRENARD.O    romdata   0x300002    program   0x000001
.config_300003_RPTR24DMXRENARD.O    romdata   0x300003    program   0x000001
.config_300005_RPTR24DMXRENARD.O    romdata   0x300005    program   0x000001
.config_300006_RPTR24DMXRENARD.O    romdata   0x300006    program   0x000001
.config_300008_RPTR24DMXRENARD.O    romdata   0x300008    program   0x000001
.config_300009_RPTR24DMXRENARD.O    romdata   0x300009    program   0x000001
.config_30000A_RPTR24DMXRENARD.O    romdata   0x30000a    program   0x000001
.config_30000B_RPTR24DMXRENARD.O    romdata   0x30000b    program   0x000001
.config_30000C_RPTR24DMXRENARD.O    romdata   0x30000c    program   0x000001
.config_30000D_RPTR24DMXRENARD.O    romdata   0x30000d    program   0x000001



                              Program Memory Usage 
                               Start         End      
                           ---------   ---------      
                            0x000000    0x00039d      
                            0x300001    0x300003      
                            0x300005    0x300006      
                            0x300008    0x30000d      
            937 out of 33048 program addresses used, program memory utilization is 2%



                              Symbols - Sorted by Name
                     Name    Address   Location    Storage File                     
                ---------  ---------  ---------  --------- ---------                
                      Int   0x000008    program     static C:\Users\Mac\Desktop\RenardPlusAllInOneFirmware08102016\RPTR24DMXRenard09022016\RPTR24DMXRenard.asm
       after_ESC_decoding   0x00033e    program     static C:\Users\Mac\Desktop\RenardPlusAllInOneFirmware08102016\RPTR24DMXRenard09022016\RPTR24DMXRenard.asm
          decode_cmd_byte   0x000306    program     static C:\Users\Mac\Desktop\RenardPlusAllInOneFirmware08102016\RPTR24DMXRenard09022016\RPTR24DMXRenard.asm
       decode_packet_body   0x000324    program     static C:\Users\Mac\Desktop\RenardPlusAllInOneFirmware08102016\RPTR24DMXRenard09022016\RPTR24DMXRenard.asm
         end_timer_events   0x000370    program     static C:\Users\Mac\Desktop\RenardPlusAllInOneFirmware08102016\RPTR24DMXRenard09022016\RPTR24DMXRenard.asm
          event_processor   0x00034c    program     static C:\Users\Mac\Desktop\RenardPlusAllInOneFirmware08102016\RPTR24DMXRenard09022016\RPTR24DMXRenard.asm
               initialize   0x0001ce    program     static C:\Users\Mac\Desktop\RenardPlusAllInOneFirmware08102016\RPTR24DMXRenard09022016\RPTR24DMXRenard.asm
                 isr_exit   0x0001cc    program     static C:\Users\Mac\Desktop\RenardPlusAllInOneFirmware08102016\RPTR24DMXRenard09022016\RPTR24DMXRenard.asm
           isr_extra_work   0x00017a    program     static C:\Users\Mac\Desktop\RenardPlusAllInOneFirmware08102016\RPTR24DMXRenard09022016\RPTR24DMXRenard.asm
          isr_extra_work1   0x000190    program     static C:\Users\Mac\Desktop\RenardPlusAllInOneFirmware08102016\RPTR24DMXRenard09022016\RPTR24DMXRenard.asm
          isr_extra_work2   0x0001a4    program     static C:\Users\Mac\Desktop\RenardPlusAllInOneFirmware08102016\RPTR24DMXRenard09022016\RPTR24DMXRenard.asm
          isr_extra_work3   0x0001ba    program     static C:\Users\Mac\Desktop\RenardPlusAllInOneFirmware08102016\RPTR24DMXRenard09022016\RPTR24DMXRenard.asm
        isr_load_counters   0x0000d8    program     static C:\Users\Mac\Desktop\RenardPlusAllInOneFirmware08102016\RPTR24DMXRenard09022016\RPTR24DMXRenard.asm
     isr_not_zc_lead_edge   0x000026    program     static C:\Users\Mac\Desktop\RenardPlusAllInOneFirmware08102016\RPTR24DMXRenard09022016\RPTR24DMXRenard.asm
              isr_regular   0x00002e    program     static C:\Users\Mac\Desktop\RenardPlusAllInOneFirmware08102016\RPTR24DMXRenard09022016\RPTR24DMXRenard.asm
          isr_status_LEDs   0x000172    program     static C:\Users\Mac\Desktop\RenardPlusAllInOneFirmware08102016\RPTR24DMXRenard09022016\RPTR24DMXRenard.asm
                 mainloop   0x0002ac    program     static C:\Users\Mac\Desktop\RenardPlusAllInOneFirmware08102016\RPTR24DMXRenard09022016\RPTR24DMXRenard.asm
         previous_not_ESC   0x000332    program     static C:\Users\Mac\Desktop\RenardPlusAllInOneFirmware08102016\RPTR24DMXRenard09022016\RPTR24DMXRenard.asm
                  rx_echo   0x0002d2    program     static C:\Users\Mac\Desktop\RenardPlusAllInOneFirmware08102016\RPTR24DMXRenard09022016\RPTR24DMXRenard.asm
                 rx_error   0x0002da    program     static C:\Users\Mac\Desktop\RenardPlusAllInOneFirmware08102016\RPTR24DMXRenard09022016\RPTR24DMXRenard.asm
              rx_not_sync   0x0002ea    program     static C:\Users\Mac\Desktop\RenardPlusAllInOneFirmware08102016\RPTR24DMXRenard09022016\RPTR24DMXRenard.asm
  zc_filter_restart_timer   0x00039c    program     static C:\Users\Mac\Desktop\RenardPlusAllInOneFirmware08102016\RPTR24DMXRenard09022016\RPTR24DMXRenard.asm



                              Symbols - Sorted by Address
                     Name    Address   Location    Storage File                     
                ---------  ---------  ---------  --------- ---------                
                      Int   0x000008    program     static C:\Users\Mac\Desktop\RenardPlusAllInOneFirmware08102016\RPTR24DMXRenard09022016\RPTR24DMXRenard.asm
     isr_not_zc_lead_edge   0x000026    program     static C:\Users\Mac\Desktop\RenardPlusAllInOneFirmware08102016\RPTR24DMXRenard09022016\RPTR24DMXRenard.asm
              isr_regular   0x00002e    program     static C:\Users\Mac\Desktop\RenardPlusAllInOneFirmware08102016\RPTR24DMXRenard09022016\RPTR24DMXRenard.asm
        isr_load_counters   0x0000d8    program     static C:\Users\Mac\Desktop\RenardPlusAllInOneFirmware08102016\RPTR24DMXRenard09022016\RPTR24DMXRenard.asm
          isr_status_LEDs   0x000172    program     static C:\Users\Mac\Desktop\RenardPlusAllInOneFirmware08102016\RPTR24DMXRenard09022016\RPTR24DMXRenard.asm
           isr_extra_work   0x00017a    program     static C:\Users\Mac\Desktop\RenardPlusAllInOneFirmware08102016\RPTR24DMXRenard09022016\RPTR24DMXRenard.asm
          isr_extra_work1   0x000190    program     static C:\Users\Mac\Desktop\RenardPlusAllInOneFirmware08102016\RPTR24DMXRenard09022016\RPTR24DMXRenard.asm
          isr_extra_work2   0x0001a4    program     static C:\Users\Mac\Desktop\RenardPlusAllInOneFirmware08102016\RPTR24DMXRenard09022016\RPTR24DMXRenard.asm
          isr_extra_work3   0x0001ba    program     static C:\Users\Mac\Desktop\RenardPlusAllInOneFirmware08102016\RPTR24DMXRenard09022016\RPTR24DMXRenard.asm
                 isr_exit   0x0001cc    program     static C:\Users\Mac\Desktop\RenardPlusAllInOneFirmware08102016\RPTR24DMXRenard09022016\RPTR24DMXRenard.asm
               initialize   0x0001ce    program     static C:\Users\Mac\Desktop\RenardPlusAllInOneFirmware08102016\RPTR24DMXRenard09022016\RPTR24DMXRenard.asm
                 mainloop   0x0002ac    program     static C:\Users\Mac\Desktop\RenardPlusAllInOneFirmware08102016\RPTR24DMXRenard09022016\RPTR24DMXRenard.asm
                  rx_echo   0x0002d2    program     static C:\Users\Mac\Desktop\RenardPlusAllInOneFirmware08102016\RPTR24DMXRenard09022016\RPTR24DMXRenard.asm
                 rx_error   0x0002da    program     static C:\Users\Mac\Desktop\RenardPlusAllInOneFirmware08102016\RPTR24DMXRenard09022016\RPTR24DMXRenard.asm
              rx_not_sync   0x0002ea    program     static C:\Users\Mac\Desktop\RenardPlusAllInOneFirmware08102016\RPTR24DMXRenard09022016\RPTR24DMXRenard.asm
          decode_cmd_byte   0x000306    program     static C:\Users\Mac\Desktop\RenardPlusAllInOneFirmware08102016\RPTR24DMXRenard09022016\RPTR24DMXRenard.asm
       decode_packet_body   0x000324    program     static C:\Users\Mac\Desktop\RenardPlusAllInOneFirmware08102016\RPTR24DMXRenard09022016\RPTR24DMXRenard.asm
         previous_not_ESC   0x000332    program     static C:\Users\Mac\Desktop\RenardPlusAllInOneFirmware08102016\RPTR24DMXRenard09022016\RPTR24DMXRenard.asm
       after_ESC_decoding   0x00033e    program     static C:\Users\Mac\Desktop\RenardPlusAllInOneFirmware08102016\RPTR24DMXRenard09022016\RPTR24DMXRenard.asm
          event_processor   0x00034c    program     static C:\Users\Mac\Desktop\RenardPlusAllInOneFirmware08102016\RPTR24DMXRenard09022016\RPTR24DMXRenard.asm
         end_timer_events   0x000370    program     static C:\Users\Mac\Desktop\RenardPlusAllInOneFirmware08102016\RPTR24DMXRenard09022016\RPTR24DMXRenard.asm
  zc_filter_restart_timer   0x00039c    program     static C:\Users\Mac\Desktop\RenardPlusAllInOneFirmware08102016\RPTR24DMXRenard09022016\RPTR24DMXRenard.asm


