MPLINK 4.49, Linker
Linker Map File - Created Fri Sep 02 12:46:00 2016

                                 Section Info
                  Section       Type    Address   Location Size(Bytes)
                ---------  ---------  ---------  ---------  ---------
                   .org_0       code   0x000000    program   0x000006
                   .cinit    romdata   0x000006    program   0x000002
                   .org_1       code   0x000008    program   0x000320
.config_300001_RPLCC16TORPEDODMXRENARD.O    romdata   0x300001    program   0x000001
.config_300002_RPLCC16TORPEDODMXRENARD.O    romdata   0x300002    program   0x000001
.config_300003_RPLCC16TORPEDODMXRENARD.O    romdata   0x300003    program   0x000001
.config_300005_RPLCC16TORPEDODMXRENARD.O    romdata   0x300005    program   0x000001
.config_300006_RPLCC16TORPEDODMXRENARD.O    romdata   0x300006    program   0x000001
.config_300008_RPLCC16TORPEDODMXRENARD.O    romdata   0x300008    program   0x000001
.config_300009_RPLCC16TORPEDODMXRENARD.O    romdata   0x300009    program   0x000001
.config_30000A_RPLCC16TORPEDODMXRENARD.O    romdata   0x30000a    program   0x000001
.config_30000B_RPLCC16TORPEDODMXRENARD.O    romdata   0x30000b    program   0x000001
.config_30000C_RPLCC16TORPEDODMXRENARD.O    romdata   0x30000c    program   0x000001
.config_30000D_RPLCC16TORPEDODMXRENARD.O    romdata   0x30000d    program   0x000001



                              Program Memory Usage 
                               Start         End      
                           ---------   ---------      
                            0x000000    0x000327      
                            0x300001    0x300003      
                            0x300005    0x300006      
                            0x300008    0x30000d      
            819 out of 50200 program addresses used, program memory utilization is 1%



                              Symbols - Sorted by Name
                     Name    Address   Location    Storage File                     
                ---------  ---------  ---------  --------- ---------                
                      Int   0x000008    program     static C:\Users\Mac\Desktop\RenardPlusAllInOneFirmware08102016\RPLCC16TorpedoDMXRenard08102016\RPLCC16TorpedoDMXRenard.asm
       after_ESC_decoding   0x0002b8    program     static C:\Users\Mac\Desktop\RenardPlusAllInOneFirmware08102016\RPLCC16TorpedoDMXRenard08102016\RPLCC16TorpedoDMXRenard.asm
          decode_cmd_byte   0x000280    program     static C:\Users\Mac\Desktop\RenardPlusAllInOneFirmware08102016\RPLCC16TorpedoDMXRenard08102016\RPLCC16TorpedoDMXRenard.asm
       decode_packet_body   0x00029e    program     static C:\Users\Mac\Desktop\RenardPlusAllInOneFirmware08102016\RPLCC16TorpedoDMXRenard08102016\RPLCC16TorpedoDMXRenard.asm
         end_timer_events   0x0002fa    program     static C:\Users\Mac\Desktop\RenardPlusAllInOneFirmware08102016\RPLCC16TorpedoDMXRenard08102016\RPLCC16TorpedoDMXRenard.asm
          event_processor   0x0002ca    program     static C:\Users\Mac\Desktop\RenardPlusAllInOneFirmware08102016\RPLCC16TorpedoDMXRenard08102016\RPLCC16TorpedoDMXRenard.asm
               initialize   0x00016e    program     static C:\Users\Mac\Desktop\RenardPlusAllInOneFirmware08102016\RPLCC16TorpedoDMXRenard08102016\RPLCC16TorpedoDMXRenard.asm
                 isr_exit   0x00016c    program     static C:\Users\Mac\Desktop\RenardPlusAllInOneFirmware08102016\RPLCC16TorpedoDMXRenard08102016\RPLCC16TorpedoDMXRenard.asm
           isr_extra_work   0x00010a    program     static C:\Users\Mac\Desktop\RenardPlusAllInOneFirmware08102016\RPLCC16TorpedoDMXRenard08102016\RPLCC16TorpedoDMXRenard.asm
          isr_extra_work1   0x00012c    program     static C:\Users\Mac\Desktop\RenardPlusAllInOneFirmware08102016\RPLCC16TorpedoDMXRenard08102016\RPLCC16TorpedoDMXRenard.asm
          isr_extra_work2   0x000140    program     static C:\Users\Mac\Desktop\RenardPlusAllInOneFirmware08102016\RPLCC16TorpedoDMXRenard08102016\RPLCC16TorpedoDMXRenard.asm
          isr_extra_work3   0x00015a    program     static C:\Users\Mac\Desktop\RenardPlusAllInOneFirmware08102016\RPLCC16TorpedoDMXRenard08102016\RPLCC16TorpedoDMXRenard.asm
        isr_load_counters   0x00009c    program     static C:\Users\Mac\Desktop\RenardPlusAllInOneFirmware08102016\RPLCC16TorpedoDMXRenard08102016\RPLCC16TorpedoDMXRenard.asm
     isr_not_zc_lead_edge   0x000026    program     static C:\Users\Mac\Desktop\RenardPlusAllInOneFirmware08102016\RPLCC16TorpedoDMXRenard08102016\RPLCC16TorpedoDMXRenard.asm
              isr_regular   0x00002e    program     static C:\Users\Mac\Desktop\RenardPlusAllInOneFirmware08102016\RPLCC16TorpedoDMXRenard08102016\RPLCC16TorpedoDMXRenard.asm
          isr_status_LEDs   0x000102    program     static C:\Users\Mac\Desktop\RenardPlusAllInOneFirmware08102016\RPLCC16TorpedoDMXRenard08102016\RPLCC16TorpedoDMXRenard.asm
                 mainloop   0x000224    program     static C:\Users\Mac\Desktop\RenardPlusAllInOneFirmware08102016\RPLCC16TorpedoDMXRenard08102016\RPLCC16TorpedoDMXRenard.asm
         previous_not_ESC   0x0002ac    program     static C:\Users\Mac\Desktop\RenardPlusAllInOneFirmware08102016\RPLCC16TorpedoDMXRenard08102016\RPLCC16TorpedoDMXRenard.asm
                  rx_echo   0x00024a    program     static C:\Users\Mac\Desktop\RenardPlusAllInOneFirmware08102016\RPLCC16TorpedoDMXRenard08102016\RPLCC16TorpedoDMXRenard.asm
                 rx_error   0x000252    program     static C:\Users\Mac\Desktop\RenardPlusAllInOneFirmware08102016\RPLCC16TorpedoDMXRenard08102016\RPLCC16TorpedoDMXRenard.asm
              rx_not_sync   0x000264    program     static C:\Users\Mac\Desktop\RenardPlusAllInOneFirmware08102016\RPLCC16TorpedoDMXRenard08102016\RPLCC16TorpedoDMXRenard.asm
  zc_filter_restart_timer   0x000326    program     static C:\Users\Mac\Desktop\RenardPlusAllInOneFirmware08102016\RPLCC16TorpedoDMXRenard08102016\RPLCC16TorpedoDMXRenard.asm



                              Symbols - Sorted by Address
                     Name    Address   Location    Storage File                     
                ---------  ---------  ---------  --------- ---------                
                      Int   0x000008    program     static C:\Users\Mac\Desktop\RenardPlusAllInOneFirmware08102016\RPLCC16TorpedoDMXRenard08102016\RPLCC16TorpedoDMXRenard.asm
     isr_not_zc_lead_edge   0x000026    program     static C:\Users\Mac\Desktop\RenardPlusAllInOneFirmware08102016\RPLCC16TorpedoDMXRenard08102016\RPLCC16TorpedoDMXRenard.asm
              isr_regular   0x00002e    program     static C:\Users\Mac\Desktop\RenardPlusAllInOneFirmware08102016\RPLCC16TorpedoDMXRenard08102016\RPLCC16TorpedoDMXRenard.asm
        isr_load_counters   0x00009c    program     static C:\Users\Mac\Desktop\RenardPlusAllInOneFirmware08102016\RPLCC16TorpedoDMXRenard08102016\RPLCC16TorpedoDMXRenard.asm
          isr_status_LEDs   0x000102    program     static C:\Users\Mac\Desktop\RenardPlusAllInOneFirmware08102016\RPLCC16TorpedoDMXRenard08102016\RPLCC16TorpedoDMXRenard.asm
           isr_extra_work   0x00010a    program     static C:\Users\Mac\Desktop\RenardPlusAllInOneFirmware08102016\RPLCC16TorpedoDMXRenard08102016\RPLCC16TorpedoDMXRenard.asm
          isr_extra_work1   0x00012c    program     static C:\Users\Mac\Desktop\RenardPlusAllInOneFirmware08102016\RPLCC16TorpedoDMXRenard08102016\RPLCC16TorpedoDMXRenard.asm
          isr_extra_work2   0x000140    program     static C:\Users\Mac\Desktop\RenardPlusAllInOneFirmware08102016\RPLCC16TorpedoDMXRenard08102016\RPLCC16TorpedoDMXRenard.asm
          isr_extra_work3   0x00015a    program     static C:\Users\Mac\Desktop\RenardPlusAllInOneFirmware08102016\RPLCC16TorpedoDMXRenard08102016\RPLCC16TorpedoDMXRenard.asm
                 isr_exit   0x00016c    program     static C:\Users\Mac\Desktop\RenardPlusAllInOneFirmware08102016\RPLCC16TorpedoDMXRenard08102016\RPLCC16TorpedoDMXRenard.asm
               initialize   0x00016e    program     static C:\Users\Mac\Desktop\RenardPlusAllInOneFirmware08102016\RPLCC16TorpedoDMXRenard08102016\RPLCC16TorpedoDMXRenard.asm
                 mainloop   0x000224    program     static C:\Users\Mac\Desktop\RenardPlusAllInOneFirmware08102016\RPLCC16TorpedoDMXRenard08102016\RPLCC16TorpedoDMXRenard.asm
                  rx_echo   0x00024a    program     static C:\Users\Mac\Desktop\RenardPlusAllInOneFirmware08102016\RPLCC16TorpedoDMXRenard08102016\RPLCC16TorpedoDMXRenard.asm
                 rx_error   0x000252    program     static C:\Users\Mac\Desktop\RenardPlusAllInOneFirmware08102016\RPLCC16TorpedoDMXRenard08102016\RPLCC16TorpedoDMXRenard.asm
              rx_not_sync   0x000264    program     static C:\Users\Mac\Desktop\RenardPlusAllInOneFirmware08102016\RPLCC16TorpedoDMXRenard08102016\RPLCC16TorpedoDMXRenard.asm
          decode_cmd_byte   0x000280    program     static C:\Users\Mac\Desktop\RenardPlusAllInOneFirmware08102016\RPLCC16TorpedoDMXRenard08102016\RPLCC16TorpedoDMXRenard.asm
       decode_packet_body   0x00029e    program     static C:\Users\Mac\Desktop\RenardPlusAllInOneFirmware08102016\RPLCC16TorpedoDMXRenard08102016\RPLCC16TorpedoDMXRenard.asm
         previous_not_ESC   0x0002ac    program     static C:\Users\Mac\Desktop\RenardPlusAllInOneFirmware08102016\RPLCC16TorpedoDMXRenard08102016\RPLCC16TorpedoDMXRenard.asm
       after_ESC_decoding   0x0002b8    program     static C:\Users\Mac\Desktop\RenardPlusAllInOneFirmware08102016\RPLCC16TorpedoDMXRenard08102016\RPLCC16TorpedoDMXRenard.asm
          event_processor   0x0002ca    program     static C:\Users\Mac\Desktop\RenardPlusAllInOneFirmware08102016\RPLCC16TorpedoDMXRenard08102016\RPLCC16TorpedoDMXRenard.asm
         end_timer_events   0x0002fa    program     static C:\Users\Mac\Desktop\RenardPlusAllInOneFirmware08102016\RPLCC16TorpedoDMXRenard08102016\RPLCC16TorpedoDMXRenard.asm
  zc_filter_restart_timer   0x000326    program     static C:\Users\Mac\Desktop\RenardPlusAllInOneFirmware08102016\RPLCC16TorpedoDMXRenard08102016\RPLCC16TorpedoDMXRenard.asm


