MPLINK 4.49, Linker
Linker Map File - Created Sun Sep 04 09:25:53 2016

                                 Section Info
                  Section       Type    Address   Location Size(Bytes)
                ---------  ---------  ---------  ---------  ---------
                   .org_0       code   0x000000    program   0x000006
                   .cinit    romdata   0x000006    program   0x000002
                   .org_1       code   0x000008    program   0x0003e8
.config_300001_RP32DMXRENARD.O    romdata   0x300001    program   0x000001
.config_300002_RP32DMXRENARD.O    romdata   0x300002    program   0x000001
.config_300003_RP32DMXRENARD.O    romdata   0x300003    program   0x000001
.config_300005_RP32DMXRENARD.O    romdata   0x300005    program   0x000001
.config_300006_RP32DMXRENARD.O    romdata   0x300006    program   0x000001
.config_300008_RP32DMXRENARD.O    romdata   0x300008    program   0x000001
.config_300009_RP32DMXRENARD.O    romdata   0x300009    program   0x000001
.config_30000A_RP32DMXRENARD.O    romdata   0x30000a    program   0x000001
.config_30000B_RP32DMXRENARD.O    romdata   0x30000b    program   0x000001
.config_30000C_RP32DMXRENARD.O    romdata   0x30000c    program   0x000001
.config_30000D_RP32DMXRENARD.O    romdata   0x30000d    program   0x000001



                              Program Memory Usage 
                               Start         End      
                           ---------   ---------      
                            0x000000    0x0003ef      
                            0x300001    0x300003      
                            0x300005    0x300006      
                            0x300008    0x30000d      
            1019 out of 33048 program addresses used, program memory utilization is 3%



                              Symbols - Sorted by Name
                     Name    Address   Location    Storage File                     
                ---------  ---------  ---------  --------- ---------                
                      Int   0x000008    program     static C:\Users\Mac\Desktop\RenardPlusAllInOneFirmware08102016\RP32DMXRenard09022016\RP32DMXRenard.asm
       after_ESC_decoding   0x00038e    program     static C:\Users\Mac\Desktop\RenardPlusAllInOneFirmware08102016\RP32DMXRenard09022016\RP32DMXRenard.asm
          decode_cmd_byte   0x000356    program     static C:\Users\Mac\Desktop\RenardPlusAllInOneFirmware08102016\RP32DMXRenard09022016\RP32DMXRenard.asm
       decode_packet_body   0x000374    program     static C:\Users\Mac\Desktop\RenardPlusAllInOneFirmware08102016\RP32DMXRenard09022016\RP32DMXRenard.asm
         end_timer_events   0x0003c2    program     static C:\Users\Mac\Desktop\RenardPlusAllInOneFirmware08102016\RP32DMXRenard09022016\RP32DMXRenard.asm
          event_processor   0x00039e    program     static C:\Users\Mac\Desktop\RenardPlusAllInOneFirmware08102016\RP32DMXRenard09022016\RP32DMXRenard.asm
               initialize   0x00020e    program     static C:\Users\Mac\Desktop\RenardPlusAllInOneFirmware08102016\RP32DMXRenard09022016\RP32DMXRenard.asm
                 isr_exit   0x00020c    program     static C:\Users\Mac\Desktop\RenardPlusAllInOneFirmware08102016\RP32DMXRenard09022016\RP32DMXRenard.asm
           isr_extra_work   0x0001ba    program     static C:\Users\Mac\Desktop\RenardPlusAllInOneFirmware08102016\RP32DMXRenard09022016\RP32DMXRenard.asm
          isr_extra_work1   0x0001d0    program     static C:\Users\Mac\Desktop\RenardPlusAllInOneFirmware08102016\RP32DMXRenard09022016\RP32DMXRenard.asm
          isr_extra_work2   0x0001e4    program     static C:\Users\Mac\Desktop\RenardPlusAllInOneFirmware08102016\RP32DMXRenard09022016\RP32DMXRenard.asm
          isr_extra_work3   0x0001fa    program     static C:\Users\Mac\Desktop\RenardPlusAllInOneFirmware08102016\RP32DMXRenard09022016\RP32DMXRenard.asm
        isr_load_counters   0x0000f8    program     static C:\Users\Mac\Desktop\RenardPlusAllInOneFirmware08102016\RP32DMXRenard09022016\RP32DMXRenard.asm
     isr_not_zc_lead_edge   0x000026    program     static C:\Users\Mac\Desktop\RenardPlusAllInOneFirmware08102016\RP32DMXRenard09022016\RP32DMXRenard.asm
              isr_regular   0x00002e    program     static C:\Users\Mac\Desktop\RenardPlusAllInOneFirmware08102016\RP32DMXRenard09022016\RP32DMXRenard.asm
          isr_status_LEDs   0x0001b2    program     static C:\Users\Mac\Desktop\RenardPlusAllInOneFirmware08102016\RP32DMXRenard09022016\RP32DMXRenard.asm
                 mainloop   0x0002fc    program     static C:\Users\Mac\Desktop\RenardPlusAllInOneFirmware08102016\RP32DMXRenard09022016\RP32DMXRenard.asm
         previous_not_ESC   0x000382    program     static C:\Users\Mac\Desktop\RenardPlusAllInOneFirmware08102016\RP32DMXRenard09022016\RP32DMXRenard.asm
                  rx_echo   0x000322    program     static C:\Users\Mac\Desktop\RenardPlusAllInOneFirmware08102016\RP32DMXRenard09022016\RP32DMXRenard.asm
                 rx_error   0x00032a    program     static C:\Users\Mac\Desktop\RenardPlusAllInOneFirmware08102016\RP32DMXRenard09022016\RP32DMXRenard.asm
              rx_not_sync   0x00033a    program     static C:\Users\Mac\Desktop\RenardPlusAllInOneFirmware08102016\RP32DMXRenard09022016\RP32DMXRenard.asm
  zc_filter_restart_timer   0x0003ee    program     static C:\Users\Mac\Desktop\RenardPlusAllInOneFirmware08102016\RP32DMXRenard09022016\RP32DMXRenard.asm



                              Symbols - Sorted by Address
                     Name    Address   Location    Storage File                     
                ---------  ---------  ---------  --------- ---------                
                      Int   0x000008    program     static C:\Users\Mac\Desktop\RenardPlusAllInOneFirmware08102016\RP32DMXRenard09022016\RP32DMXRenard.asm
     isr_not_zc_lead_edge   0x000026    program     static C:\Users\Mac\Desktop\RenardPlusAllInOneFirmware08102016\RP32DMXRenard09022016\RP32DMXRenard.asm
              isr_regular   0x00002e    program     static C:\Users\Mac\Desktop\RenardPlusAllInOneFirmware08102016\RP32DMXRenard09022016\RP32DMXRenard.asm
        isr_load_counters   0x0000f8    program     static C:\Users\Mac\Desktop\RenardPlusAllInOneFirmware08102016\RP32DMXRenard09022016\RP32DMXRenard.asm
          isr_status_LEDs   0x0001b2    program     static C:\Users\Mac\Desktop\RenardPlusAllInOneFirmware08102016\RP32DMXRenard09022016\RP32DMXRenard.asm
           isr_extra_work   0x0001ba    program     static C:\Users\Mac\Desktop\RenardPlusAllInOneFirmware08102016\RP32DMXRenard09022016\RP32DMXRenard.asm
          isr_extra_work1   0x0001d0    program     static C:\Users\Mac\Desktop\RenardPlusAllInOneFirmware08102016\RP32DMXRenard09022016\RP32DMXRenard.asm
          isr_extra_work2   0x0001e4    program     static C:\Users\Mac\Desktop\RenardPlusAllInOneFirmware08102016\RP32DMXRenard09022016\RP32DMXRenard.asm
          isr_extra_work3   0x0001fa    program     static C:\Users\Mac\Desktop\RenardPlusAllInOneFirmware08102016\RP32DMXRenard09022016\RP32DMXRenard.asm
                 isr_exit   0x00020c    program     static C:\Users\Mac\Desktop\RenardPlusAllInOneFirmware08102016\RP32DMXRenard09022016\RP32DMXRenard.asm
               initialize   0x00020e    program     static C:\Users\Mac\Desktop\RenardPlusAllInOneFirmware08102016\RP32DMXRenard09022016\RP32DMXRenard.asm
                 mainloop   0x0002fc    program     static C:\Users\Mac\Desktop\RenardPlusAllInOneFirmware08102016\RP32DMXRenard09022016\RP32DMXRenard.asm
                  rx_echo   0x000322    program     static C:\Users\Mac\Desktop\RenardPlusAllInOneFirmware08102016\RP32DMXRenard09022016\RP32DMXRenard.asm
                 rx_error   0x00032a    program     static C:\Users\Mac\Desktop\RenardPlusAllInOneFirmware08102016\RP32DMXRenard09022016\RP32DMXRenard.asm
              rx_not_sync   0x00033a    program     static C:\Users\Mac\Desktop\RenardPlusAllInOneFirmware08102016\RP32DMXRenard09022016\RP32DMXRenard.asm
          decode_cmd_byte   0x000356    program     static C:\Users\Mac\Desktop\RenardPlusAllInOneFirmware08102016\RP32DMXRenard09022016\RP32DMXRenard.asm
       decode_packet_body   0x000374    program     static C:\Users\Mac\Desktop\RenardPlusAllInOneFirmware08102016\RP32DMXRenard09022016\RP32DMXRenard.asm
         previous_not_ESC   0x000382    program     static C:\Users\Mac\Desktop\RenardPlusAllInOneFirmware08102016\RP32DMXRenard09022016\RP32DMXRenard.asm
       after_ESC_decoding   0x00038e    program     static C:\Users\Mac\Desktop\RenardPlusAllInOneFirmware08102016\RP32DMXRenard09022016\RP32DMXRenard.asm
          event_processor   0x00039e    program     static C:\Users\Mac\Desktop\RenardPlusAllInOneFirmware08102016\RP32DMXRenard09022016\RP32DMXRenard.asm
         end_timer_events   0x0003c2    program     static C:\Users\Mac\Desktop\RenardPlusAllInOneFirmware08102016\RP32DMXRenard09022016\RP32DMXRenard.asm
  zc_filter_restart_timer   0x0003ee    program     static C:\Users\Mac\Desktop\RenardPlusAllInOneFirmware08102016\RP32DMXRenard09022016\RP32DMXRenard.asm


