MPLINK 4.49, Linker
Linker Map File - Created Fri Sep 02 12:43:11 2016

                                 Section Info
                  Section       Type    Address   Location Size(Bytes)
                ---------  ---------  ---------  ---------  ---------
                   .org_0       code   0x000000    program   0x000006
                   .cinit    romdata   0x000006    program   0x000002
                   .org_1       code   0x000008    program   0x000304
.config_300001_RPLCCDMXRENARD.O    romdata   0x300001    program   0x000001
.config_300002_RPLCCDMXRENARD.O    romdata   0x300002    program   0x000001
.config_300003_RPLCCDMXRENARD.O    romdata   0x300003    program   0x000001
.config_300005_RPLCCDMXRENARD.O    romdata   0x300005    program   0x000001
.config_300006_RPLCCDMXRENARD.O    romdata   0x300006    program   0x000001
.config_300008_RPLCCDMXRENARD.O    romdata   0x300008    program   0x000001
.config_300009_RPLCCDMXRENARD.O    romdata   0x300009    program   0x000001
.config_30000A_RPLCCDMXRENARD.O    romdata   0x30000a    program   0x000001
.config_30000B_RPLCCDMXRENARD.O    romdata   0x30000b    program   0x000001
.config_30000C_RPLCCDMXRENARD.O    romdata   0x30000c    program   0x000001
.config_30000D_RPLCCDMXRENARD.O    romdata   0x30000d    program   0x000001



                              Program Memory Usage 
                               Start         End      
                           ---------   ---------      
                            0x000000    0x00030b      
                            0x300001    0x300003      
                            0x300005    0x300006      
                            0x300008    0x30000d      
            791 out of 50200 program addresses used, program memory utilization is 1%



                              Symbols - Sorted by Name
                     Name    Address   Location    Storage File                     
                ---------  ---------  ---------  --------- ---------                
                      Int   0x000008    program     static C:\Users\Mac\Desktop\RenardPlusAllInOneFirmware08102016\RPLCC16DMXRenard08102016\RPLCCDMXRenard.asm
       after_ESC_decoding   0x0002a8    program     static C:\Users\Mac\Desktop\RenardPlusAllInOneFirmware08102016\RPLCC16DMXRenard08102016\RPLCCDMXRenard.asm
          decode_cmd_byte   0x000270    program     static C:\Users\Mac\Desktop\RenardPlusAllInOneFirmware08102016\RPLCC16DMXRenard08102016\RPLCCDMXRenard.asm
       decode_packet_body   0x00028e    program     static C:\Users\Mac\Desktop\RenardPlusAllInOneFirmware08102016\RPLCC16DMXRenard08102016\RPLCCDMXRenard.asm
         end_timer_events   0x0002de    program     static C:\Users\Mac\Desktop\RenardPlusAllInOneFirmware08102016\RPLCC16DMXRenard08102016\RPLCCDMXRenard.asm
          event_processor   0x0002ba    program     static C:\Users\Mac\Desktop\RenardPlusAllInOneFirmware08102016\RPLCC16DMXRenard08102016\RPLCCDMXRenard.asm
               initialize   0x00015e    program     static C:\Users\Mac\Desktop\RenardPlusAllInOneFirmware08102016\RPLCC16DMXRenard08102016\RPLCCDMXRenard.asm
                 isr_exit   0x00015c    program     static C:\Users\Mac\Desktop\RenardPlusAllInOneFirmware08102016\RPLCC16DMXRenard08102016\RPLCCDMXRenard.asm
           isr_extra_work   0x00010a    program     static C:\Users\Mac\Desktop\RenardPlusAllInOneFirmware08102016\RPLCC16DMXRenard08102016\RPLCCDMXRenard.asm
          isr_extra_work1   0x000120    program     static C:\Users\Mac\Desktop\RenardPlusAllInOneFirmware08102016\RPLCC16DMXRenard08102016\RPLCCDMXRenard.asm
          isr_extra_work2   0x000134    program     static C:\Users\Mac\Desktop\RenardPlusAllInOneFirmware08102016\RPLCC16DMXRenard08102016\RPLCCDMXRenard.asm
          isr_extra_work3   0x00014a    program     static C:\Users\Mac\Desktop\RenardPlusAllInOneFirmware08102016\RPLCC16DMXRenard08102016\RPLCCDMXRenard.asm
        isr_load_counters   0x00009c    program     static C:\Users\Mac\Desktop\RenardPlusAllInOneFirmware08102016\RPLCC16DMXRenard08102016\RPLCCDMXRenard.asm
     isr_not_zc_lead_edge   0x000026    program     static C:\Users\Mac\Desktop\RenardPlusAllInOneFirmware08102016\RPLCC16DMXRenard08102016\RPLCCDMXRenard.asm
              isr_regular   0x00002e    program     static C:\Users\Mac\Desktop\RenardPlusAllInOneFirmware08102016\RPLCC16DMXRenard08102016\RPLCCDMXRenard.asm
          isr_status_LEDs   0x000102    program     static C:\Users\Mac\Desktop\RenardPlusAllInOneFirmware08102016\RPLCC16DMXRenard08102016\RPLCCDMXRenard.asm
                 mainloop   0x000214    program     static C:\Users\Mac\Desktop\RenardPlusAllInOneFirmware08102016\RPLCC16DMXRenard08102016\RPLCCDMXRenard.asm
         previous_not_ESC   0x00029c    program     static C:\Users\Mac\Desktop\RenardPlusAllInOneFirmware08102016\RPLCC16DMXRenard08102016\RPLCCDMXRenard.asm
                  rx_echo   0x00023a    program     static C:\Users\Mac\Desktop\RenardPlusAllInOneFirmware08102016\RPLCC16DMXRenard08102016\RPLCCDMXRenard.asm
                 rx_error   0x000242    program     static C:\Users\Mac\Desktop\RenardPlusAllInOneFirmware08102016\RPLCC16DMXRenard08102016\RPLCCDMXRenard.asm
              rx_not_sync   0x000254    program     static C:\Users\Mac\Desktop\RenardPlusAllInOneFirmware08102016\RPLCC16DMXRenard08102016\RPLCCDMXRenard.asm
  zc_filter_restart_timer   0x00030a    program     static C:\Users\Mac\Desktop\RenardPlusAllInOneFirmware08102016\RPLCC16DMXRenard08102016\RPLCCDMXRenard.asm



                              Symbols - Sorted by Address
                     Name    Address   Location    Storage File                     
                ---------  ---------  ---------  --------- ---------                
                      Int   0x000008    program     static C:\Users\Mac\Desktop\RenardPlusAllInOneFirmware08102016\RPLCC16DMXRenard08102016\RPLCCDMXRenard.asm
     isr_not_zc_lead_edge   0x000026    program     static C:\Users\Mac\Desktop\RenardPlusAllInOneFirmware08102016\RPLCC16DMXRenard08102016\RPLCCDMXRenard.asm
              isr_regular   0x00002e    program     static C:\Users\Mac\Desktop\RenardPlusAllInOneFirmware08102016\RPLCC16DMXRenard08102016\RPLCCDMXRenard.asm
        isr_load_counters   0x00009c    program     static C:\Users\Mac\Desktop\RenardPlusAllInOneFirmware08102016\RPLCC16DMXRenard08102016\RPLCCDMXRenard.asm
          isr_status_LEDs   0x000102    program     static C:\Users\Mac\Desktop\RenardPlusAllInOneFirmware08102016\RPLCC16DMXRenard08102016\RPLCCDMXRenard.asm
           isr_extra_work   0x00010a    program     static C:\Users\Mac\Desktop\RenardPlusAllInOneFirmware08102016\RPLCC16DMXRenard08102016\RPLCCDMXRenard.asm
          isr_extra_work1   0x000120    program     static C:\Users\Mac\Desktop\RenardPlusAllInOneFirmware08102016\RPLCC16DMXRenard08102016\RPLCCDMXRenard.asm
          isr_extra_work2   0x000134    program     static C:\Users\Mac\Desktop\RenardPlusAllInOneFirmware08102016\RPLCC16DMXRenard08102016\RPLCCDMXRenard.asm
          isr_extra_work3   0x00014a    program     static C:\Users\Mac\Desktop\RenardPlusAllInOneFirmware08102016\RPLCC16DMXRenard08102016\RPLCCDMXRenard.asm
                 isr_exit   0x00015c    program     static C:\Users\Mac\Desktop\RenardPlusAllInOneFirmware08102016\RPLCC16DMXRenard08102016\RPLCCDMXRenard.asm
               initialize   0x00015e    program     static C:\Users\Mac\Desktop\RenardPlusAllInOneFirmware08102016\RPLCC16DMXRenard08102016\RPLCCDMXRenard.asm
                 mainloop   0x000214    program     static C:\Users\Mac\Desktop\RenardPlusAllInOneFirmware08102016\RPLCC16DMXRenard08102016\RPLCCDMXRenard.asm
                  rx_echo   0x00023a    program     static C:\Users\Mac\Desktop\RenardPlusAllInOneFirmware08102016\RPLCC16DMXRenard08102016\RPLCCDMXRenard.asm
                 rx_error   0x000242    program     static C:\Users\Mac\Desktop\RenardPlusAllInOneFirmware08102016\RPLCC16DMXRenard08102016\RPLCCDMXRenard.asm
              rx_not_sync   0x000254    program     static C:\Users\Mac\Desktop\RenardPlusAllInOneFirmware08102016\RPLCC16DMXRenard08102016\RPLCCDMXRenard.asm
          decode_cmd_byte   0x000270    program     static C:\Users\Mac\Desktop\RenardPlusAllInOneFirmware08102016\RPLCC16DMXRenard08102016\RPLCCDMXRenard.asm
       decode_packet_body   0x00028e    program     static C:\Users\Mac\Desktop\RenardPlusAllInOneFirmware08102016\RPLCC16DMXRenard08102016\RPLCCDMXRenard.asm
         previous_not_ESC   0x00029c    program     static C:\Users\Mac\Desktop\RenardPlusAllInOneFirmware08102016\RPLCC16DMXRenard08102016\RPLCCDMXRenard.asm
       after_ESC_decoding   0x0002a8    program     static C:\Users\Mac\Desktop\RenardPlusAllInOneFirmware08102016\RPLCC16DMXRenard08102016\RPLCCDMXRenard.asm
          event_processor   0x0002ba    program     static C:\Users\Mac\Desktop\RenardPlusAllInOneFirmware08102016\RPLCC16DMXRenard08102016\RPLCCDMXRenard.asm
         end_timer_events   0x0002de    program     static C:\Users\Mac\Desktop\RenardPlusAllInOneFirmware08102016\RPLCC16DMXRenard08102016\RPLCCDMXRenard.asm
  zc_filter_restart_timer   0x00030a    program     static C:\Users\Mac\Desktop\RenardPlusAllInOneFirmware08102016\RPLCC16DMXRenard08102016\RPLCCDMXRenard.asm


